[     214ms] [ERROR] Failed to load resource: the server responded with a status of 500 (Internal Server Error) @ http://localhost:6011/login?next=%2Fenquiries:0
[     371ms] [INFO] %cDownload the React DevTools for a better development experience: https://react.dev/link/react-devtools font-weight:bold @ webpack-internal:///(app-pages-browser)/../../node_modules/next/dist/compiled/react-dom/cjs/react-dom-client.development.js:25630
[     400ms] Error: Cookies can only be modified in a Server Action or Route Handler. Read more: https://nextjs.org/docs/app/api-reference/functions/cookies#options
    at refresh (about://React/Server/webpack-internal:///(rsc)/./src/lib/auth/session.ts?21:226:11)
    at  LoginPage (about://React/Server/webpack-internal:///(rsc)/./src/app/(auth)/login/page.tsx?22:31:9)
    at resolveErrorDev (webpack-internal:///(app-pages-browser)/../../node_modules/next/dist/compiled/react-server-dom-webpack/cjs/react-server-dom-webpack-client.browser.development.js:2337:46)
    at processFullStringRow (webpack-internal:///(app-pages-browser)/../../node_modules/next/dist/compiled/react-server-dom-webpack/cjs/react-server-dom-webpack-client.browser.development.js:2823:23)
    at processFullBinaryRow (webpack-internal:///(app-pages-browser)/../../node_modules/next/dist/compiled/react-server-dom-webpack/cjs/react-server-dom-webpack-client.browser.development.js:2766:7)
    at processBinaryChunk (webpack-internal:///(app-pages-browser)/../../node_modules/next/dist/compiled/react-server-dom-webpack/cjs/react-server-dom-webpack-client.browser.development.js:2969:15)
    at progress (webpack-internal:///(app-pages-browser)/../../node_modules/next/dist/compiled/react-server-dom-webpack/cjs/react-server-dom-webpack-client.browser.development.js:3233:13)
[    3421ms] [WARNING] The resource http://localhost:6011/_next/static/css/app/layout.css?v=1789998355117 was preloaded using link preload but not used within a few seconds from the window's load event. Please make sure it has an appropriate `as` value and it is preloaded intentionally. @ http://localhost:6011/login?next=%2Fenquiries:0
[   25173ms] [LOG] [Fast Refresh] rebuilding @ webpack-internal:///(app-pages-browser)/../../node_modules/next/dist/client/dev/hot-reloader/app/hot-reloader-app.js:196
[   25398ms] [WARNING] [Fast Refresh] performing full reload because your application had an unrecoverable error @ webpack-internal:///(app-pages-browser)/../../node_modules/next/dist/client/dev/hot-reloader/app/hot-reloader-app.js:113
[   25730ms] [INFO] %cDownload the React DevTools for a better development experience: https://react.dev/link/react-devtools font-weight:bold @ webpack-internal:///(app-pages-browser)/../../node_modules/next/dist/compiled/react-dom/cjs/react-dom-client.development.js:25630
[   28774ms] [WARNING] The resource http://localhost:6011/_next/static/css/app/layout.css?v=1789998380614 was preloaded using link preload but not used within a few seconds from the window's load event. Please make sure it has an appropriate `as` value and it is preloaded intentionally. @ http://localhost:6011/login?next=%2Fenquiries:0
[   31737ms] [LOG] [Fast Refresh] rebuilding @ webpack-internal:///(app-pages-browser)/../../node_modules/next/dist/client/dev/hot-reloader/app/hot-reloader-app.js:196
[   31877ms] [LOG] [Fast Refresh] done in 140ms @ webpack-internal:///(app-pages-browser)/../../node_modules/next/dist/client/dev/report-hmr-latency.js:13
[   31994ms] [LOG] [Fast Refresh] rebuilding @ webpack-internal:///(app-pages-browser)/../../node_modules/next/dist/client/dev/hot-reloader/app/hot-reloader-app.js:196
[   32057ms] [LOG] [Fast Refresh] done in 62ms @ webpack-internal:///(app-pages-browser)/../../node_modules/next/dist/client/dev/report-hmr-latency.js:13
[   32258ms] [WARNING] Failed to decode downloaded font: http://localhost:6011/fonts/Commissioner-Medium-latin.woff2 @ http://localhost:6011/login?next=%2Fenquiries:0
[   32258ms] [WARNING] OTS parsing error: invalid sfntVersion: 1008813135 @ http://localhost:6011/login?next=%2Fenquiries:0
[   32258ms] [WARNING] Failed to decode downloaded font: http://localhost:6011/fonts/Commissioner-Medium-latin.woff2 @ http://localhost:6011/login?next=%2Fenquiries:0
[   32258ms] [WARNING] OTS parsing error: invalid sfntVersion: 1008813135 @ http://localhost:6011/login?next=%2Fenquiries:0
[   32259ms] [WARNING] Failed to decode downloaded font: http://localhost:6011/fonts/Commissioner-Regular-latin.woff2 @ http://localhost:6011/login?next=%2Fenquiries:0
[   32259ms] [WARNING] OTS parsing error: invalid sfntVersion: 1008813135 @ http://localhost:6011/login?next=%2Fenquiries:0
[   32259ms] [WARNING] Failed to decode downloaded font: http://localhost:6011/fonts/Commissioner-Regular-latin.woff2 @ http://localhost:6011/login?next=%2Fenquiries:0
[   32259ms] [WARNING] OTS parsing error: invalid sfntVersion: 1008813135 @ http://localhost:6011/login?next=%2Fenquiries:0
[   32396ms] [LOG] [Fast Refresh] rebuilding @ webpack-internal:///(app-pages-browser)/../../node_modules/next/dist/client/dev/hot-reloader/app/hot-reloader-app.js:196
[   33036ms] [LOG] [Fast Refresh] done in 640ms @ webpack-internal:///(app-pages-browser)/../../node_modules/next/dist/client/dev/report-hmr-latency.js:13
[   33244ms] [WARNING] Failed to decode downloaded font: http://localhost:6011/fonts/Commissioner-Regular-latin.woff2 @ webpack-internal:///(app-pages-browser)/../../node_modules/next/dist/client/components/layout-router.js:97
[   33244ms] [WARNING] OTS parsing error: invalid sfntVersion: 1008813135 @ webpack-internal:///(app-pages-browser)/../../node_modules/next/dist/client/components/layout-router.js:97
[   33244ms] [WARNING] Failed to decode downloaded font: http://localhost:6011/fonts/Commissioner-Medium-latin.woff2 @ webpack-internal:///(app-pages-browser)/../../node_modules/next/dist/client/components/layout-router.js:97
[   33244ms] [WARNING] OTS parsing error: invalid sfntVersion: 1008813135 @ webpack-internal:///(app-pages-browser)/../../node_modules/next/dist/client/components/layout-router.js:97
[   33334ms] [LOG] [Fast Refresh] rebuilding @ webpack-internal:///(app-pages-browser)/../../node_modules/next/dist/client/dev/hot-reloader/app/hot-reloader-app.js:196
[   33418ms] [LOG] [Fast Refresh] done in 84ms @ webpack-internal:///(app-pages-browser)/../../node_modules/next/dist/client/dev/report-hmr-latency.js:13
[   33433ms] [LOG] [Fast Refresh] rebuilding @ webpack-internal:///(app-pages-browser)/../../node_modules/next/dist/client/dev/hot-reloader/app/hot-reloader-app.js:196
[   33555ms] [LOG] [Fast Refresh] done in 121ms @ webpack-internal:///(app-pages-browser)/../../node_modules/next/dist/client/dev/report-hmr-latency.js:13
[   36581ms] [WARNING] The resource http://localhost:6011/_next/static/css/app/layout.css?v=1789998380614 was preloaded using link preload but not used within a few seconds from the window's load event. Please make sure it has an appropriate `as` value and it is preloaded intentionally. @ http://localhost:6011/enquiries:0
[   36582ms] [WARNING] The resource http://localhost:6011/_next/static/css/app/layout.css?v=1789998387235 was preloaded using link preload but not used within a few seconds from the window's load event. Please make sure it has an appropriate `as` value and it is preloaded intentionally. @ http://localhost:6011/enquiries:0
