[     178ms] [ERROR] Failed to load resource: the server responded with a status of 404 (Not Found) @ http://localhost:6010/_next/static/chunks/main-app.js?v=1789997731593:0
[     179ms] [ERROR] Failed to load resource: the server responded with a status of 404 (Not Found) @ http://localhost:6010/_next/static/chunks/app-pages-internals.js:0
[     309ms] [ERROR] Failed to load resource: the server responded with a status of 404 (Not Found) @ http://localhost:6010/favicon.ico:0
[    5930ms] [ERROR] Failed to load resource: the server responded with a status of 404 (Not Found) @ http://localhost:6010/_next/static/chunks/main-app.js?v=1789997736987:0
[    5936ms] [ERROR] Failed to load resource: the server responded with a status of 404 (Not Found) @ http://localhost:6010/_next/static/chunks/app-pages-internals.js:0
[    6119ms] [ERROR] Failed to load resource: the server responded with a status of 404 (Not Found) @ http://localhost:6010/_next/static/chunks/main-app.js?v=1789997737623:0
[    6119ms] [ERROR] Failed to load resource: the server responded with a status of 404 (Not Found) @ http://localhost:6010/_next/static/chunks/app-pages-internals.js:0
[    6466ms] [ERROR] Failed to load resource: the server responded with a status of 404 (Not Found) @ http://localhost:6010/_next/static/chunks/main-app.js?v=1789997737935:0
[    6467ms] [ERROR] Failed to load resource: the server responded with a status of 404 (Not Found) @ http://localhost:6010/_next/static/chunks/app-pages-internals.js:0
[    6771ms] [ERROR] Failed to load resource: the server responded with a status of 404 (Not Found) @ http://localhost:6010/_next/static/chunks/main-app.js?v=1789997738270:0
[    6771ms] [ERROR] Failed to load resource: the server responded with a status of 404 (Not Found) @ http://localhost:6010/_next/static/chunks/app-pages-internals.js:0
[    7083ms] [ERROR] Failed to load resource: the server responded with a status of 404 (Not Found) @ http://localhost:6010/_next/static/chunks/main-app.js?v=1789997738586:0
[    7083ms] [ERROR] Failed to load resource: the server responded with a status of 404 (Not Found) @ http://localhost:6010/_next/static/chunks/app-pages-internals.js:0
[    7383ms] [ERROR] Failed to load resource: the server responded with a status of 404 (Not Found) @ http://localhost:6010/_next/static/chunks/main-app.js?v=1789997738888:0
[    7383ms] [ERROR] Failed to load resource: the server responded with a status of 404 (Not Found) @ http://localhost:6010/_next/static/chunks/app-pages-internals.js:0
[    7693ms] [ERROR] Failed to load resource: the server responded with a status of 404 (Not Found) @ http://localhost:6010/_next/static/chunks/main-app.js?v=1789997739194:0
[    7693ms] [ERROR] Failed to load resource: the server responded with a status of 404 (Not Found) @ http://localhost:6010/_next/static/chunks/app-pages-internals.js:0
[    8001ms] [ERROR] Failed to load resource: the server responded with a status of 404 (Not Found) @ http://localhost:6010/_next/static/chunks/main-app.js?v=1789997739511:0
[    8001ms] [ERROR] Failed to load resource: the server responded with a status of 404 (Not Found) @ http://localhost:6010/_next/static/chunks/app-pages-internals.js:0
[    8307ms] [ERROR] Failed to load resource: the server responded with a status of 404 (Not Found) @ http://localhost:6010/_next/static/chunks/main-app.js?v=1789997739815:0
[    8307ms] [ERROR] Failed to load resource: the server responded with a status of 404 (Not Found) @ http://localhost:6010/_next/static/chunks/app-pages-internals.js:0
[    8608ms] [ERROR] Failed to load resource: the server responded with a status of 404 (Not Found) @ http://localhost:6010/_next/static/chunks/main-app.js?v=1789997740116:0
[    8609ms] [ERROR] Failed to load resource: the server responded with a status of 404 (Not Found) @ http://localhost:6010/_next/static/chunks/app-pages-internals.js:0
[    8932ms] [ERROR] Failed to load resource: the server responded with a status of 404 (Not Found) @ http://localhost:6010/_next/static/chunks/main-app.js?v=1789997740420:0
[    8933ms] [ERROR] Failed to load resource: the server responded with a status of 404 (Not Found) @ http://localhost:6010/_next/static/chunks/app-pages-internals.js:0
[    9226ms] [ERROR] Failed to load resource: the server responded with a status of 404 (Not Found) @ http://localhost:6010/_next/static/chunks/main-app.js?v=1789997740738:0
[    9227ms] [ERROR] Failed to load resource: the server responded with a status of 404 (Not Found) @ http://localhost:6010/_next/static/chunks/app-pages-internals.js:0
[    9581ms] [ERROR] Failed to load resource: the server responded with a status of 404 (Not Found) @ http://localhost:6010/_next/static/chunks/main-app.js?v=1789997741043:0
[    9582ms] [ERROR] Failed to load resource: the server responded with a status of 404 (Not Found) @ http://localhost:6010/_next/static/chunks/app-pages-internals.js:0
[    9888ms] [ERROR] Failed to load resource: the server responded with a status of 404 (Not Found) @ http://localhost:6010/_next/static/chunks/main-app.js?v=1789997741392:0
[    9888ms] [ERROR] Failed to load resource: the server responded with a status of 404 (Not Found) @ http://localhost:6010/_next/static/chunks/app-pages-internals.js:0
[   10202ms] [ERROR] Failed to load resource: the server responded with a status of 404 (Not Found) @ http://localhost:6010/_next/static/chunks/main-app.js?v=1789997741700:0
[   10202ms] [ERROR] Failed to load resource: the server responded with a status of 404 (Not Found) @ http://localhost:6010/_next/static/chunks/app-pages-internals.js:0
[   10496ms] [ERROR] Failed to load resource: the server responded with a status of 404 (Not Found) @ http://localhost:6010/_next/static/chunks/main-app.js?v=1789997742004:0
[   10497ms] [ERROR] Failed to load resource: the server responded with a status of 404 (Not Found) @ http://localhost:6010/_next/static/chunks/app-pages-internals.js:0
[   10812ms] [ERROR] Failed to load resource: the server responded with a status of 404 (Not Found) @ http://localhost:6010/_next/static/chunks/main-app.js?v=1789997742309:0
[   10813ms] [ERROR] Failed to load resource: the server responded with a status of 404 (Not Found) @ http://localhost:6010/_next/static/chunks/app-pages-internals.js:0
[   11099ms] [ERROR] Failed to load resource: the server responded with a status of 404 (Not Found) @ http://localhost:6010/_next/static/chunks/main-app.js?v=1789997742611:0
[   11099ms] [ERROR] Failed to load resource: the server responded with a status of 404 (Not Found) @ http://localhost:6010/_next/static/chunks/app-pages-internals.js:0
[   11410ms] [ERROR] Failed to load resource: the server responded with a status of 404 (Not Found) @ http://localhost:6010/_next/static/chunks/main-app.js?v=1789997742915:0
[   11410ms] [ERROR] Failed to load resource: the server responded with a status of 404 (Not Found) @ http://localhost:6010/_next/static/chunks/app-pages-internals.js:0
[   11706ms] [ERROR] Failed to load resource: the server responded with a status of 404 (Not Found) @ http://localhost:6010/_next/static/chunks/main-app.js?v=1789997743215:0
[   11706ms] [ERROR] Failed to load resource: the server responded with a status of 404 (Not Found) @ http://localhost:6010/_next/static/chunks/app-pages-internals.js:0
[   12032ms] [ERROR] Failed to load resource: the server responded with a status of 404 (Not Found) @ http://localhost:6010/_next/static/chunks/main-app.js?v=1789997743519:0
[   12033ms] [ERROR] Failed to load resource: the server responded with a status of 404 (Not Found) @ http://localhost:6010/_next/static/chunks/app-pages-internals.js:0
[   12318ms] [ERROR] Failed to load resource: the server responded with a status of 404 (Not Found) @ http://localhost:6010/_next/static/chunks/app-pages-internals.js:0
[   12318ms] [ERROR] Failed to load resource: the server responded with a status of 404 (Not Found) @ http://localhost:6010/_next/static/chunks/main-app.js?v=1789997743835:0
[   12682ms] [ERROR] Failed to load resource: the server responded with a status of 404 (Not Found) @ http://localhost:6010/_next/static/chunks/main-app.js?v=1789997744142:0
[   12685ms] [ERROR] Failed to load resource: the server responded with a status of 404 (Not Found) @ http://localhost:6010/_next/static/chunks/app-pages-internals.js:0
[   12977ms] [ERROR] Failed to load resource: the server responded with a status of 404 (Not Found) @ http://localhost:6010/_next/static/chunks/main-app.js?v=1789997744477:0
[   12977ms] [ERROR] Failed to load resource: the server responded with a status of 404 (Not Found) @ http://localhost:6010/_next/static/chunks/app-pages-internals.js:0
[   13292ms] [ERROR] Failed to load resource: the server responded with a status of 404 (Not Found) @ http://localhost:6010/_next/static/chunks/main-app.js?v=1789997744789:0
[   13293ms] [ERROR] Failed to load resource: the server responded with a status of 404 (Not Found) @ http://localhost:6010/_next/static/chunks/app-pages-internals.js:0
[   13588ms] [ERROR] Failed to load resource: the server responded with a status of 404 (Not Found) @ http://localhost:6010/_next/static/chunks/main-app.js?v=1789997745095:0
[   13588ms] [ERROR] Failed to load resource: the server responded with a status of 404 (Not Found) @ http://localhost:6010/_next/static/chunks/app-pages-internals.js:0
[   13906ms] [ERROR] Failed to load resource: the server responded with a status of 404 (Not Found) @ http://localhost:6010/_next/static/chunks/main-app.js?v=1789997745401:0
[   13906ms] [ERROR] Failed to load resource: the server responded with a status of 404 (Not Found) @ http://localhost:6010/_next/static/chunks/app-pages-internals.js:0
[   14184ms] [ERROR] Failed to load resource: the server responded with a status of 404 (Not Found) @ http://localhost:6010/_next/static/chunks/main-app.js?v=1789997745703:0
[   14187ms] [ERROR] Failed to load resource: the server responded with a status of 404 (Not Found) @ http://localhost:6010/_next/static/chunks/app-pages-internals.js:0
[   14496ms] [ERROR] Failed to load resource: the server responded with a status of 404 (Not Found) @ http://localhost:6010/_next/static/chunks/main-app.js?v=1789997746003:0
[   14496ms] [ERROR] Failed to load resource: the server responded with a status of 404 (Not Found) @ http://localhost:6010/_next/static/chunks/app-pages-internals.js:0
[   14791ms] [ERROR] Failed to load resource: the server responded with a status of 404 (Not Found) @ http://localhost:6010/_next/static/chunks/main-app.js?v=1789997746301:0
[   14791ms] [ERROR] Failed to load resource: the server responded with a status of 404 (Not Found) @ http://localhost:6010/_next/static/chunks/app-pages-internals.js:0
[   15100ms] [ERROR] Failed to load resource: the server responded with a status of 404 (Not Found) @ http://localhost:6010/_next/static/chunks/main-app.js?v=1789997746593:0
[   15100ms] [ERROR] Failed to load resource: the server responded with a status of 404 (Not Found) @ http://localhost:6010/_next/static/chunks/app-pages-internals.js:0
[   15389ms] [ERROR] Failed to load resource: the server responded with a status of 404 (Not Found) @ http://localhost:6010/_next/static/chunks/main-app.js?v=1789997746904:0
[   15389ms] [ERROR] Failed to load resource: the server responded with a status of 404 (Not Found) @ http://localhost:6010/_next/static/chunks/app-pages-internals.js:0
[   15731ms] [ERROR] Failed to load resource: the server responded with a status of 404 (Not Found) @ http://localhost:6010/_next/static/chunks/main-app.js?v=1789997747201:0
[   15732ms] [ERROR] Failed to load resource: the server responded with a status of 404 (Not Found) @ http://localhost:6010/_next/static/chunks/app-pages-internals.js:0
[   16029ms] [ERROR] Failed to load resource: the server responded with a status of 404 (Not Found) @ http://localhost:6010/_next/static/chunks/main-app.js?v=1789997747535:0
[   16029ms] [ERROR] Failed to load resource: the server responded with a status of 404 (Not Found) @ http://localhost:6010/_next/static/chunks/app-pages-internals.js:0
[   16346ms] [ERROR] Failed to load resource: the server responded with a status of 404 (Not Found) @ http://localhost:6010/_next/static/chunks/main-app.js?v=1789997747845:0
[   16347ms] [ERROR] Failed to load resource: the server responded with a status of 404 (Not Found) @ http://localhost:6010/_next/static/chunks/app-pages-internals.js:0
[   16643ms] [ERROR] Failed to load resource: the server responded with a status of 404 (Not Found) @ http://localhost:6010/_next/static/chunks/main-app.js?v=1789997748149:0
[   16644ms] [ERROR] Failed to load resource: the server responded with a status of 404 (Not Found) @ http://localhost:6010/_next/static/chunks/app-pages-internals.js:0
[   16964ms] [ERROR] Failed to load resource: the server responded with a status of 404 (Not Found) @ http://localhost:6010/_next/static/chunks/main-app.js?v=1789997748451:0
[   16965ms] [ERROR] Failed to load resource: the server responded with a status of 404 (Not Found) @ http://localhost:6010/_next/static/chunks/app-pages-internals.js:0
[   17247ms] [ERROR] Failed to load resource: the server responded with a status of 404 (Not Found) @ http://localhost:6010/_next/static/chunks/main-app.js?v=1789997748757:0
[   17250ms] [ERROR] Failed to load resource: the server responded with a status of 404 (Not Found) @ http://localhost:6010/_next/static/chunks/app-pages-internals.js:0
[   17567ms] [ERROR] Failed to load resource: the server responded with a status of 404 (Not Found) @ http://localhost:6010/_next/static/chunks/main-app.js?v=1789997749065:0
[   17568ms] [ERROR] Failed to load resource: the server responded with a status of 404 (Not Found) @ http://localhost:6010/_next/static/chunks/app-pages-internals.js:0
[   17864ms] [ERROR] Failed to load resource: the server responded with a status of 404 (Not Found) @ http://localhost:6010/_next/static/chunks/main-app.js?v=1789997749367:0
[   17865ms] [ERROR] Failed to load resource: the server responded with a status of 404 (Not Found) @ http://localhost:6010/_next/static/chunks/app-pages-internals.js:0
[   18181ms] [ERROR] Failed to load resource: the server responded with a status of 404 (Not Found) @ http://localhost:6010/_next/static/chunks/main-app.js?v=1789997749660:0
[   18182ms] [ERROR] Failed to load resource: the server responded with a status of 404 (Not Found) @ http://localhost:6010/_next/static/chunks/app-pages-internals.js:0
[   18514ms] [ERROR] Failed to load resource: the server responded with a status of 404 (Not Found) @ http://localhost:6010/_next/static/chunks/main-app.js?v=1789997749983:0
[   18517ms] [ERROR] Failed to load resource: the server responded with a status of 404 (Not Found) @ http://localhost:6010/_next/static/chunks/app-pages-internals.js:0
[   18826ms] [ERROR] Failed to load resource: the server responded with a status of 404 (Not Found) @ http://localhost:6010/_next/static/chunks/main-app.js?v=1789997750288:0
[   18826ms] [ERROR] Failed to load resource: the server responded with a status of 404 (Not Found) @ http://localhost:6010/_next/static/chunks/app-pages-internals.js:0
[   19126ms] [ERROR] Failed to load resource: the server responded with a status of 404 (Not Found) @ http://localhost:6010/_next/static/chunks/main-app.js?v=1789997750626:0
[   19126ms] [ERROR] Failed to load resource: the server responded with a status of 404 (Not Found) @ http://localhost:6010/_next/static/chunks/app-pages-internals.js:0
[   19458ms] [ERROR] Failed to load resource: the server responded with a status of 404 (Not Found) @ http://localhost:6010/_next/static/chunks/main-app.js?v=1789997750943:0
[   19459ms] [ERROR] Failed to load resource: the server responded with a status of 404 (Not Found) @ http://localhost:6010/_next/static/chunks/app-pages-internals.js:0
[   19751ms] [ERROR] Failed to load resource: the server responded with a status of 404 (Not Found) @ http://localhost:6010/_next/static/chunks/main-app.js?v=1789997751255:0
[   19752ms] [ERROR] Failed to load resource: the server responded with a status of 404 (Not Found) @ http://localhost:6010/_next/static/chunks/app-pages-internals.js:0
[   20081ms] [ERROR] Failed to load resource: the server responded with a status of 404 (Not Found) @ http://localhost:6010/_next/static/chunks/main-app.js?v=1789997751562:0
[   20095ms] [ERROR] Failed to load resource: the server responded with a status of 404 (Not Found) @ http://localhost:6010/_next/static/chunks/app-pages-internals.js:0
[   20354ms] [ERROR] Failed to load resource: the server responded with a status of 404 (Not Found) @ http://localhost:6010/_next/static/chunks/main-app.js?v=1789997751868:0
[   20354ms] [ERROR] Failed to load resource: the server responded with a status of 404 (Not Found) @ http://localhost:6010/_next/static/chunks/app-pages-internals.js:0
[   20666ms] [ERROR] Failed to load resource: the server responded with a status of 404 (Not Found) @ http://localhost:6010/_next/static/chunks/main-app.js?v=1789997752168:0
[   20667ms] [ERROR] Failed to load resource: the server responded with a status of 404 (Not Found) @ http://localhost:6010/_next/static/chunks/app-pages-internals.js:0
[   20978ms] [ERROR] Failed to load resource: the server responded with a status of 404 (Not Found) @ http://localhost:6010/_next/static/chunks/main-app.js?v=1789997752470:0
[   20980ms] [ERROR] Failed to load resource: the server responded with a status of 404 (Not Found) @ http://localhost:6010/_next/static/chunks/app-pages-internals.js:0
[   21306ms] [ERROR] Failed to load resource: the server responded with a status of 404 (Not Found) @ http://localhost:6010/_next/static/chunks/main-app.js?v=1789997752791:0
[   21306ms] [ERROR] Failed to load resource: the server responded with a status of 404 (Not Found) @ http://localhost:6010/_next/static/chunks/app-pages-internals.js:0
[   21597ms] [ERROR] Failed to load resource: the server responded with a status of 404 (Not Found) @ http://localhost:6010/_next/static/chunks/app-pages-internals.js:0
[   21598ms] [ERROR] Failed to load resource: the server responded with a status of 404 (Not Found) @ http://localhost:6010/_next/static/chunks/main-app.js?v=1789997753107:0
[   21954ms] [ERROR] Failed to load resource: the server responded with a status of 404 (Not Found) @ http://localhost:6010/_next/static/chunks/main-app.js?v=1789997753416:0
[   21954ms] [ERROR] Failed to load resource: the server responded with a status of 404 (Not Found) @ http://localhost:6010/_next/static/chunks/app-pages-internals.js:0
[   22247ms] [ERROR] Failed to load resource: the server responded with a status of 404 (Not Found) @ http://localhost:6010/_next/static/chunks/main-app.js?v=1789997753752:0
[   22248ms] [ERROR] Failed to load resource: the server responded with a status of 404 (Not Found) @ http://localhost:6010/_next/static/chunks/app-pages-internals.js:0
[   22573ms] [ERROR] Failed to load resource: the server responded with a status of 404 (Not Found) @ http://localhost:6010/_next/static/chunks/main-app.js?v=1789997754064:0
[   22573ms] [ERROR] Failed to load resource: the server responded with a status of 404 (Not Found) @ http://localhost:6010/_next/static/chunks/app-pages-internals.js:0
[   22867ms] [ERROR] Failed to load resource: the server responded with a status of 404 (Not Found) @ http://localhost:6010/_next/static/chunks/main-app.js?v=1789997754374:0
[   22868ms] [ERROR] Failed to load resource: the server responded with a status of 404 (Not Found) @ http://localhost:6010/_next/static/chunks/app-pages-internals.js:0
[   23185ms] [ERROR] Failed to load resource: the server responded with a status of 404 (Not Found) @ http://localhost:6010/_next/static/chunks/main-app.js?v=1789997754672:0
[   23185ms] [ERROR] Failed to load resource: the server responded with a status of 404 (Not Found) @ http://localhost:6010/_next/static/chunks/app-pages-internals.js:0
[   23460ms] [ERROR] Failed to load resource: the server responded with a status of 404 (Not Found) @ http://localhost:6010/_next/static/chunks/main-app.js?v=1789997754971:0
[   23463ms] [ERROR] Failed to load resource: the server responded with a status of 404 (Not Found) @ http://localhost:6010/_next/static/chunks/app-pages-internals.js:0
[   23777ms] [ERROR] Failed to load resource: the server responded with a status of 404 (Not Found) @ http://localhost:6010/_next/static/chunks/main-app.js?v=1789997755278:0
[   23777ms] [ERROR] Failed to load resource: the server responded with a status of 404 (Not Found) @ http://localhost:6010/_next/static/chunks/app-pages-internals.js:0
[   24070ms] [ERROR] Failed to load resource: the server responded with a status of 404 (Not Found) @ http://localhost:6010/_next/static/chunks/main-app.js?v=1789997755580:0
[   24071ms] [ERROR] Failed to load resource: the server responded with a status of 404 (Not Found) @ http://localhost:6010/_next/static/chunks/app-pages-internals.js:0
[   24397ms] [ERROR] Failed to load resource: the server responded with a status of 404 (Not Found) @ http://localhost:6010/_next/static/chunks/main-app.js?v=1789997755886:0
[   24397ms] [ERROR] Failed to load resource: the server responded with a status of 404 (Not Found) @ http://localhost:6010/_next/static/chunks/app-pages-internals.js:0
[   24694ms] [ERROR] Failed to load resource: the server responded with a status of 404 (Not Found) @ http://localhost:6010/_next/static/chunks/main-app.js?v=1789997756203:0
[   24695ms] [ERROR] Failed to load resource: the server responded with a status of 404 (Not Found) @ http://localhost:6010/_next/static/chunks/app-pages-internals.js:0
[   25057ms] [ERROR] Failed to load resource: the server responded with a status of 404 (Not Found) @ http://localhost:6010/_next/static/chunks/main-app.js?v=1789997756514:0
[   25057ms] [ERROR] Failed to load resource: the server responded with a status of 404 (Not Found) @ http://localhost:6010/_next/static/chunks/app-pages-internals.js:0
[   25368ms] [ERROR] Failed to load resource: the server responded with a status of 404 (Not Found) @ http://localhost:6010/_next/static/chunks/main-app.js?v=1789997756862:0
[   25368ms] [ERROR] Failed to load resource: the server responded with a status of 404 (Not Found) @ http://localhost:6010/_next/static/chunks/app-pages-internals.js:0
[   25697ms] [ERROR] Failed to load resource: the server responded with a status of 404 (Not Found) @ http://localhost:6010/_next/static/chunks/main-app.js?v=1789997757184:0
[   25698ms] [ERROR] Failed to load resource: the server responded with a status of 404 (Not Found) @ http://localhost:6010/_next/static/chunks/app-pages-internals.js:0
[   25991ms] [ERROR] Failed to load resource: the server responded with a status of 404 (Not Found) @ http://localhost:6010/_next/static/chunks/main-app.js?v=1789997757497:0
[   25991ms] [ERROR] Failed to load resource: the server responded with a status of 404 (Not Found) @ http://localhost:6010/_next/static/chunks/app-pages-internals.js:0
[   26294ms] [ERROR] Failed to load resource: the server responded with a status of 404 (Not Found) @ http://localhost:6010/_next/static/chunks/main-app.js?v=1789997757795:0
[   26294ms] [ERROR] Failed to load resource: the server responded with a status of 404 (Not Found) @ http://localhost:6010/_next/static/chunks/app-pages-internals.js:0
[   26590ms] [ERROR] Failed to load resource: the server responded with a status of 404 (Not Found) @ http://localhost:6010/_next/static/chunks/main-app.js?v=1789997758102:0
[   26591ms] [ERROR] Failed to load resource: the server responded with a status of 404 (Not Found) @ http://localhost:6010/_next/static/chunks/app-pages-internals.js:0
[   26904ms] [ERROR] Failed to load resource: the server responded with a status of 404 (Not Found) @ http://localhost:6010/_next/static/chunks/main-app.js?v=1789997758407:0
[   26905ms] [ERROR] Failed to load resource: the server responded with a status of 404 (Not Found) @ http://localhost:6010/_next/static/chunks/app-pages-internals.js:0
[   27197ms] [ERROR] Failed to load resource: the server responded with a status of 404 (Not Found) @ http://localhost:6010/_next/static/chunks/main-app.js?v=1789997758708:0
[   27198ms] [ERROR] Failed to load resource: the server responded with a status of 404 (Not Found) @ http://localhost:6010/_next/static/chunks/app-pages-internals.js:0
[   34070ms] [INFO] %cDownload the React DevTools for a better development experience: https://react.dev/link/react-devtools font-weight:bold @ webpack-internal:///(app-pages-browser)/../../node_modules/next/dist/compiled/react-dom/cjs/react-dom-client.development.js:25630
[   34139ms] [ERROR] Failed to load resource: the server responded with a status of 404 (Not Found) @ http://localhost:6011/favicon.ico:0
[   34525ms] [INFO] %cDownload the React DevTools for a better development experience: https://react.dev/link/react-devtools font-weight:bold @ webpack-internal:///(app-pages-browser)/../../node_modules/next/dist/compiled/react-dom/cjs/react-dom-client.development.js:25630
[   35117ms] [INFO] %cDownload the React DevTools for a better development experience: https://react.dev/link/react-devtools font-weight:bold @ webpack-internal:///(app-pages-browser)/../../node_modules/next/dist/compiled/react-dom/cjs/react-dom-client.development.js:25630
[   35443ms] [INFO] %cDownload the React DevTools for a better development experience: https://react.dev/link/react-devtools font-weight:bold @ webpack-internal:///(app-pages-browser)/../../node_modules/next/dist/compiled/react-dom/cjs/react-dom-client.development.js:25630
[   35872ms] [INFO] %cDownload the React DevTools for a better development experience: https://react.dev/link/react-devtools font-weight:bold @ webpack-internal:///(app-pages-browser)/../../node_modules/next/dist/compiled/react-dom/cjs/react-dom-client.development.js:25630
[   36335ms] [INFO] %cDownload the React DevTools for a better development experience: https://react.dev/link/react-devtools font-weight:bold @ webpack-internal:///(app-pages-browser)/../../node_modules/next/dist/compiled/react-dom/cjs/react-dom-client.development.js:25630
[   36752ms] [INFO] %cDownload the React DevTools for a better development experience: https://react.dev/link/react-devtools font-weight:bold @ webpack-internal:///(app-pages-browser)/../../node_modules/next/dist/compiled/react-dom/cjs/react-dom-client.development.js:25630
[   37173ms] [INFO] %cDownload the React DevTools for a better development experience: https://react.dev/link/react-devtools font-weight:bold @ webpack-internal:///(app-pages-browser)/../../node_modules/next/dist/compiled/react-dom/cjs/react-dom-client.development.js:25630
[   37605ms] [INFO] %cDownload the React DevTools for a better development experience: https://react.dev/link/react-devtools font-weight:bold @ webpack-internal:///(app-pages-browser)/../../node_modules/next/dist/compiled/react-dom/cjs/react-dom-client.development.js:25630
[   38034ms] [INFO] %cDownload the React DevTools for a better development experience: https://react.dev/link/react-devtools font-weight:bold @ webpack-internal:///(app-pages-browser)/../../node_modules/next/dist/compiled/react-dom/cjs/react-dom-client.development.js:25630
[   38464ms] [INFO] %cDownload the React DevTools for a better development experience: https://react.dev/link/react-devtools font-weight:bold @ webpack-internal:///(app-pages-browser)/../../node_modules/next/dist/compiled/react-dom/cjs/react-dom-client.development.js:25630
[   39065ms] [LOG] [Fast Refresh] rebuilding @ webpack-internal:///(app-pages-browser)/../../node_modules/next/dist/client/dev/hot-reloader/app/hot-reloader-app.js:196
[   39780ms] [LOG] [Fast Refresh] done in 715ms @ webpack-internal:///(app-pages-browser)/../../node_modules/next/dist/client/dev/report-hmr-latency.js:13
[   40140ms] [INFO] %cDownload the React DevTools for a better development experience: https://react.dev/link/react-devtools font-weight:bold @ webpack-internal:///(app-pages-browser)/../../node_modules/next/dist/compiled/react-dom/cjs/react-dom-client.development.js:25630
[   40381ms] [LOG] [Fast Refresh] rebuilding @ webpack-internal:///(app-pages-browser)/../../node_modules/next/dist/client/dev/hot-reloader/app/hot-reloader-app.js:196
[   40657ms] [LOG] [Fast Refresh] done in 276ms @ webpack-internal:///(app-pages-browser)/../../node_modules/next/dist/client/dev/report-hmr-latency.js:13
[   41370ms] [INFO] %cDownload the React DevTools for a better development experience: https://react.dev/link/react-devtools font-weight:bold @ webpack-internal:///(app-pages-browser)/../../node_modules/next/dist/compiled/react-dom/cjs/react-dom-client.development.js:25630
[   41790ms] [INFO] %cDownload the React DevTools for a better development experience: https://react.dev/link/react-devtools font-weight:bold @ webpack-internal:///(app-pages-browser)/../../node_modules/next/dist/compiled/react-dom/cjs/react-dom-client.development.js:25630
[   42206ms] [INFO] %cDownload the React DevTools for a better development experience: https://react.dev/link/react-devtools font-weight:bold @ webpack-internal:///(app-pages-browser)/../../node_modules/next/dist/compiled/react-dom/cjs/react-dom-client.development.js:25630
[   42660ms] [INFO] %cDownload the React DevTools for a better development experience: https://react.dev/link/react-devtools font-weight:bold @ webpack-internal:///(app-pages-browser)/../../node_modules/next/dist/compiled/react-dom/cjs/react-dom-client.development.js:25630
[   43189ms] [INFO] %cDownload the React DevTools for a better development experience: https://react.dev/link/react-devtools font-weight:bold @ webpack-internal:///(app-pages-browser)/../../node_modules/next/dist/compiled/react-dom/cjs/react-dom-client.development.js:25630
[   43591ms] [INFO] %cDownload the React DevTools for a better development experience: https://react.dev/link/react-devtools font-weight:bold @ webpack-internal:///(app-pages-browser)/../../node_modules/next/dist/compiled/react-dom/cjs/react-dom-client.development.js:25630
[   43996ms] [INFO] %cDownload the React DevTools for a better development experience: https://react.dev/link/react-devtools font-weight:bold @ webpack-internal:///(app-pages-browser)/../../node_modules/next/dist/compiled/react-dom/cjs/react-dom-client.development.js:25630
[   44419ms] [INFO] %cDownload the React DevTools for a better development experience: https://react.dev/link/react-devtools font-weight:bold @ webpack-internal:///(app-pages-browser)/../../node_modules/next/dist/compiled/react-dom/cjs/react-dom-client.development.js:25630
[   44838ms] [INFO] %cDownload the React DevTools for a better development experience: https://react.dev/link/react-devtools font-weight:bold @ webpack-internal:///(app-pages-browser)/../../node_modules/next/dist/compiled/react-dom/cjs/react-dom-client.development.js:25630
[   45454ms] [INFO] %cDownload the React DevTools for a better development experience: https://react.dev/link/react-devtools font-weight:bold @ webpack-internal:///(app-pages-browser)/../../node_modules/next/dist/compiled/react-dom/cjs/react-dom-client.development.js:25630
[   45747ms] [INFO] %cDownload the React DevTools for a better development experience: https://react.dev/link/react-devtools font-weight:bold @ webpack-internal:///(app-pages-browser)/../../node_modules/next/dist/compiled/react-dom/cjs/react-dom-client.development.js:25630
[   46155ms] [INFO] %cDownload the React DevTools for a better development experience: https://react.dev/link/react-devtools font-weight:bold @ webpack-internal:///(app-pages-browser)/../../node_modules/next/dist/compiled/react-dom/cjs/react-dom-client.development.js:25630
[   46556ms] [INFO] %cDownload the React DevTools for a better development experience: https://react.dev/link/react-devtools font-weight:bold @ webpack-internal:///(app-pages-browser)/../../node_modules/next/dist/compiled/react-dom/cjs/react-dom-client.development.js:25630
[   47011ms] [INFO] %cDownload the React DevTools for a better development experience: https://react.dev/link/react-devtools font-weight:bold @ webpack-internal:///(app-pages-browser)/../../node_modules/next/dist/compiled/react-dom/cjs/react-dom-client.development.js:25630
[   47412ms] [INFO] %cDownload the React DevTools for a better development experience: https://react.dev/link/react-devtools font-weight:bold @ webpack-internal:///(app-pages-browser)/../../node_modules/next/dist/compiled/react-dom/cjs/react-dom-client.development.js:25630
[   47834ms] [INFO] %cDownload the React DevTools for a better development experience: https://react.dev/link/react-devtools font-weight:bold @ webpack-internal:///(app-pages-browser)/../../node_modules/next/dist/compiled/react-dom/cjs/react-dom-client.development.js:25630
[   48247ms] [INFO] %cDownload the React DevTools for a better development experience: https://react.dev/link/react-devtools font-weight:bold @ webpack-internal:///(app-pages-browser)/../../node_modules/next/dist/compiled/react-dom/cjs/react-dom-client.development.js:25630
[   48714ms] [INFO] %cDownload the React DevTools for a better development experience: https://react.dev/link/react-devtools font-weight:bold @ webpack-internal:///(app-pages-browser)/../../node_modules/next/dist/compiled/react-dom/cjs/react-dom-client.development.js:25630
[   49087ms] [INFO] %cDownload the React DevTools for a better development experience: https://react.dev/link/react-devtools font-weight:bold @ webpack-internal:///(app-pages-browser)/../../node_modules/next/dist/compiled/react-dom/cjs/react-dom-client.development.js:25630
[   49486ms] [INFO] %cDownload the React DevTools for a better development experience: https://react.dev/link/react-devtools font-weight:bold @ webpack-internal:///(app-pages-browser)/../../node_modules/next/dist/compiled/react-dom/cjs/react-dom-client.development.js:25630
[   49899ms] [INFO] %cDownload the React DevTools for a better development experience: https://react.dev/link/react-devtools font-weight:bold @ webpack-internal:///(app-pages-browser)/../../node_modules/next/dist/compiled/react-dom/cjs/react-dom-client.development.js:25630
[   50342ms] [INFO] %cDownload the React DevTools for a better development experience: https://react.dev/link/react-devtools font-weight:bold @ webpack-internal:///(app-pages-browser)/../../node_modules/next/dist/compiled/react-dom/cjs/react-dom-client.development.js:25630
[   50754ms] [INFO] %cDownload the React DevTools for a better development experience: https://react.dev/link/react-devtools font-weight:bold @ webpack-internal:///(app-pages-browser)/../../node_modules/next/dist/compiled/react-dom/cjs/react-dom-client.development.js:25630
[   51228ms] [INFO] %cDownload the React DevTools for a better development experience: https://react.dev/link/react-devtools font-weight:bold @ webpack-internal:///(app-pages-browser)/../../node_modules/next/dist/compiled/react-dom/cjs/react-dom-client.development.js:25630
[   51581ms] [INFO] %cDownload the React DevTools for a better development experience: https://react.dev/link/react-devtools font-weight:bold @ webpack-internal:///(app-pages-browser)/../../node_modules/next/dist/compiled/react-dom/cjs/react-dom-client.development.js:25630
[   52000ms] [INFO] %cDownload the React DevTools for a better development experience: https://react.dev/link/react-devtools font-weight:bold @ webpack-internal:///(app-pages-browser)/../../node_modules/next/dist/compiled/react-dom/cjs/react-dom-client.development.js:25630
[   52427ms] [INFO] %cDownload the React DevTools for a better development experience: https://react.dev/link/react-devtools font-weight:bold @ webpack-internal:///(app-pages-browser)/../../node_modules/next/dist/compiled/react-dom/cjs/react-dom-client.development.js:25630
[   52924ms] [INFO] %cDownload the React DevTools for a better development experience: https://react.dev/link/react-devtools font-weight:bold @ webpack-internal:///(app-pages-browser)/../../node_modules/next/dist/compiled/react-dom/cjs/react-dom-client.development.js:25630
[   53274ms] [INFO] %cDownload the React DevTools for a better development experience: https://react.dev/link/react-devtools font-weight:bold @ webpack-internal:///(app-pages-browser)/../../node_modules/next/dist/compiled/react-dom/cjs/react-dom-client.development.js:25630
[   53713ms] [INFO] %cDownload the React DevTools for a better development experience: https://react.dev/link/react-devtools font-weight:bold @ webpack-internal:///(app-pages-browser)/../../node_modules/next/dist/compiled/react-dom/cjs/react-dom-client.development.js:25630
[   54130ms] [INFO] %cDownload the React DevTools for a better development experience: https://react.dev/link/react-devtools font-weight:bold @ webpack-internal:///(app-pages-browser)/../../node_modules/next/dist/compiled/react-dom/cjs/react-dom-client.development.js:25630
[   54558ms] [INFO] %cDownload the React DevTools for a better development experience: https://react.dev/link/react-devtools font-weight:bold @ webpack-internal:///(app-pages-browser)/../../node_modules/next/dist/compiled/react-dom/cjs/react-dom-client.development.js:25630
[   54962ms] [INFO] %cDownload the React DevTools for a better development experience: https://react.dev/link/react-devtools font-weight:bold @ webpack-internal:///(app-pages-browser)/../../node_modules/next/dist/compiled/react-dom/cjs/react-dom-client.development.js:25630
[   55367ms] [INFO] %cDownload the React DevTools for a better development experience: https://react.dev/link/react-devtools font-weight:bold @ webpack-internal:///(app-pages-browser)/../../node_modules/next/dist/compiled/react-dom/cjs/react-dom-client.development.js:25630
[   55790ms] [INFO] %cDownload the React DevTools for a better development experience: https://react.dev/link/react-devtools font-weight:bold @ webpack-internal:///(app-pages-browser)/../../node_modules/next/dist/compiled/react-dom/cjs/react-dom-client.development.js:25630
[   56204ms] [INFO] %cDownload the React DevTools for a better development experience: https://react.dev/link/react-devtools font-weight:bold @ webpack-internal:///(app-pages-browser)/../../node_modules/next/dist/compiled/react-dom/cjs/react-dom-client.development.js:25630
[   56685ms] [INFO] %cDownload the React DevTools for a better development experience: https://react.dev/link/react-devtools font-weight:bold @ webpack-internal:///(app-pages-browser)/../../node_modules/next/dist/compiled/react-dom/cjs/react-dom-client.development.js:25630
[   57138ms] [INFO] %cDownload the React DevTools for a better development experience: https://react.dev/link/react-devtools font-weight:bold @ webpack-internal:///(app-pages-browser)/../../node_modules/next/dist/compiled/react-dom/cjs/react-dom-client.development.js:25630
[   57529ms] [INFO] %cDownload the React DevTools for a better development experience: https://react.dev/link/react-devtools font-weight:bold @ webpack-internal:///(app-pages-browser)/../../node_modules/next/dist/compiled/react-dom/cjs/react-dom-client.development.js:25630
[   57947ms] [INFO] %cDownload the React DevTools for a better development experience: https://react.dev/link/react-devtools font-weight:bold @ webpack-internal:///(app-pages-browser)/../../node_modules/next/dist/compiled/react-dom/cjs/react-dom-client.development.js:25630
[   58354ms] [INFO] %cDownload the React DevTools for a better development experience: https://react.dev/link/react-devtools font-weight:bold @ webpack-internal:///(app-pages-browser)/../../node_modules/next/dist/compiled/react-dom/cjs/react-dom-client.development.js:25630
[   58777ms] [INFO] %cDownload the React DevTools for a better development experience: https://react.dev/link/react-devtools font-weight:bold @ webpack-internal:///(app-pages-browser)/../../node_modules/next/dist/compiled/react-dom/cjs/react-dom-client.development.js:25630
[   59220ms] [INFO] %cDownload the React DevTools for a better development experience: https://react.dev/link/react-devtools font-weight:bold @ webpack-internal:///(app-pages-browser)/../../node_modules/next/dist/compiled/react-dom/cjs/react-dom-client.development.js:25630
[   59622ms] [INFO] %cDownload the React DevTools for a better development experience: https://react.dev/link/react-devtools font-weight:bold @ webpack-internal:///(app-pages-browser)/../../node_modules/next/dist/compiled/react-dom/cjs/react-dom-client.development.js:25630
[   60035ms] [INFO] %cDownload the React DevTools for a better development experience: https://react.dev/link/react-devtools font-weight:bold @ webpack-internal:///(app-pages-browser)/../../node_modules/next/dist/compiled/react-dom/cjs/react-dom-client.development.js:25630
[   60439ms] [INFO] %cDownload the React DevTools for a better development experience: https://react.dev/link/react-devtools font-weight:bold @ webpack-internal:///(app-pages-browser)/../../node_modules/next/dist/compiled/react-dom/cjs/react-dom-client.development.js:25630
[   60899ms] [INFO] %cDownload the React DevTools for a better development experience: https://react.dev/link/react-devtools font-weight:bold @ webpack-internal:///(app-pages-browser)/../../node_modules/next/dist/compiled/react-dom/cjs/react-dom-client.development.js:25630
[   61270ms] [INFO] %cDownload the React DevTools for a better development experience: https://react.dev/link/react-devtools font-weight:bold @ webpack-internal:///(app-pages-browser)/../../node_modules/next/dist/compiled/react-dom/cjs/react-dom-client.development.js:25630
[   61750ms] [INFO] %cDownload the React DevTools for a better development experience: https://react.dev/link/react-devtools font-weight:bold @ webpack-internal:///(app-pages-browser)/../../node_modules/next/dist/compiled/react-dom/cjs/react-dom-client.development.js:25630
[   63324ms] [INFO] %cDownload the React DevTools for a better development experience: https://react.dev/link/react-devtools font-weight:bold @ webpack-internal:///(app-pages-browser)/../../node_modules/next/dist/compiled/react-dom/cjs/react-dom-client.development.js:25630
[   63960ms] [INFO] %cDownload the React DevTools for a better development experience: https://react.dev/link/react-devtools font-weight:bold @ webpack-internal:///(app-pages-browser)/../../node_modules/next/dist/compiled/react-dom/cjs/react-dom-client.development.js:25630
[   64379ms] [INFO] %cDownload the React DevTools for a better development experience: https://react.dev/link/react-devtools font-weight:bold @ webpack-internal:///(app-pages-browser)/../../node_modules/next/dist/compiled/react-dom/cjs/react-dom-client.development.js:25630
[   64948ms] [INFO] %cDownload the React DevTools for a better development experience: https://react.dev/link/react-devtools font-weight:bold @ webpack-internal:///(app-pages-browser)/../../node_modules/next/dist/compiled/react-dom/cjs/react-dom-client.development.js:25630
[   65426ms] [INFO] %cDownload the React DevTools for a better development experience: https://react.dev/link/react-devtools font-weight:bold @ webpack-internal:///(app-pages-browser)/../../node_modules/next/dist/compiled/react-dom/cjs/react-dom-client.development.js:25630
[   65923ms] [INFO] %cDownload the React DevTools for a better development experience: https://react.dev/link/react-devtools font-weight:bold @ webpack-internal:///(app-pages-browser)/../../node_modules/next/dist/compiled/react-dom/cjs/react-dom-client.development.js:25630
[   66541ms] [INFO] %cDownload the React DevTools for a better development experience: https://react.dev/link/react-devtools font-weight:bold @ webpack-internal:///(app-pages-browser)/../../node_modules/next/dist/compiled/react-dom/cjs/react-dom-client.development.js:25630
[   66903ms] [INFO] %cDownload the React DevTools for a better development experience: https://react.dev/link/react-devtools font-weight:bold @ webpack-internal:///(app-pages-browser)/../../node_modules/next/dist/compiled/react-dom/cjs/react-dom-client.development.js:25630
[   67389ms] [INFO] %cDownload the React DevTools for a better development experience: https://react.dev/link/react-devtools font-weight:bold @ webpack-internal:///(app-pages-browser)/../../node_modules/next/dist/compiled/react-dom/cjs/react-dom-client.development.js:25630
[   67782ms] [INFO] %cDownload the React DevTools for a better development experience: https://react.dev/link/react-devtools font-weight:bold @ webpack-internal:///(app-pages-browser)/../../node_modules/next/dist/compiled/react-dom/cjs/react-dom-client.development.js:25630
[   68226ms] [INFO] %cDownload the React DevTools for a better development experience: https://react.dev/link/react-devtools font-weight:bold @ webpack-internal:///(app-pages-browser)/../../node_modules/next/dist/compiled/react-dom/cjs/react-dom-client.development.js:25630
[   68697ms] [INFO] %cDownload the React DevTools for a better development experience: https://react.dev/link/react-devtools font-weight:bold @ webpack-internal:///(app-pages-browser)/../../node_modules/next/dist/compiled/react-dom/cjs/react-dom-client.development.js:25630
[   69302ms] [INFO] %cDownload the React DevTools for a better development experience: https://react.dev/link/react-devtools font-weight:bold @ webpack-internal:///(app-pages-browser)/../../node_modules/next/dist/compiled/react-dom/cjs/react-dom-client.development.js:25630
[   69709ms] [INFO] %cDownload the React DevTools for a better development experience: https://react.dev/link/react-devtools font-weight:bold @ webpack-internal:///(app-pages-browser)/../../node_modules/next/dist/compiled/react-dom/cjs/react-dom-client.development.js:25630
[   70145ms] [INFO] %cDownload the React DevTools for a better development experience: https://react.dev/link/react-devtools font-weight:bold @ webpack-internal:///(app-pages-browser)/../../node_modules/next/dist/compiled/react-dom/cjs/react-dom-client.development.js:25630
[   70562ms] [INFO] %cDownload the React DevTools for a better development experience: https://react.dev/link/react-devtools font-weight:bold @ webpack-internal:///(app-pages-browser)/../../node_modules/next/dist/compiled/react-dom/cjs/react-dom-client.development.js:25630
[   71017ms] [INFO] %cDownload the React DevTools for a better development experience: https://react.dev/link/react-devtools font-weight:bold @ webpack-internal:///(app-pages-browser)/../../node_modules/next/dist/compiled/react-dom/cjs/react-dom-client.development.js:25630
[   71437ms] [INFO] %cDownload the React DevTools for a better development experience: https://react.dev/link/react-devtools font-weight:bold @ webpack-internal:///(app-pages-browser)/../../node_modules/next/dist/compiled/react-dom/cjs/react-dom-client.development.js:25630
[   71965ms] [INFO] %cDownload the React DevTools for a better development experience: https://react.dev/link/react-devtools font-weight:bold @ webpack-internal:///(app-pages-browser)/../../node_modules/next/dist/compiled/react-dom/cjs/react-dom-client.development.js:25630
[   72530ms] [INFO] %cDownload the React DevTools for a better development experience: https://react.dev/link/react-devtools font-weight:bold @ webpack-internal:///(app-pages-browser)/../../node_modules/next/dist/compiled/react-dom/cjs/react-dom-client.development.js:25630
[   73070ms] [INFO] %cDownload the React DevTools for a better development experience: https://react.dev/link/react-devtools font-weight:bold @ webpack-internal:///(app-pages-browser)/../../node_modules/next/dist/compiled/react-dom/cjs/react-dom-client.development.js:25630
[   73496ms] [INFO] %cDownload the React DevTools for a better development experience: https://react.dev/link/react-devtools font-weight:bold @ webpack-internal:///(app-pages-browser)/../../node_modules/next/dist/compiled/react-dom/cjs/react-dom-client.development.js:25630
[   82126ms] [LOG] [Fast Refresh] rebuilding @ webpack-internal:///(app-pages-browser)/../../node_modules/next/dist/client/dev/hot-reloader/app/hot-reloader-app.js:196
[   82741ms] [LOG] [Fast Refresh] done in 615ms @ webpack-internal:///(app-pages-browser)/../../node_modules/next/dist/client/dev/report-hmr-latency.js:13
[   94039ms] [INFO] %cDownload the React DevTools for a better development experience: https://react.dev/link/react-devtools font-weight:bold @ webpack-internal:///(app-pages-browser)/../../node_modules/next/dist/compiled/react-dom/cjs/react-dom-client.development.js:25630
[   94949ms] [INFO] %cDownload the React DevTools for a better development experience: https://react.dev/link/react-devtools font-weight:bold @ webpack-internal:///(app-pages-browser)/../../node_modules/next/dist/compiled/react-dom/cjs/react-dom-client.development.js:25630
[   95417ms] [INFO] %cDownload the React DevTools for a better development experience: https://react.dev/link/react-devtools font-weight:bold @ webpack-internal:///(app-pages-browser)/../../node_modules/next/dist/compiled/react-dom/cjs/react-dom-client.development.js:25630
[   95811ms] [INFO] %cDownload the React DevTools for a better development experience: https://react.dev/link/react-devtools font-weight:bold @ webpack-internal:///(app-pages-browser)/../../node_modules/next/dist/compiled/react-dom/cjs/react-dom-client.development.js:25630
[   96219ms] [INFO] %cDownload the React DevTools for a better development experience: https://react.dev/link/react-devtools font-weight:bold @ webpack-internal:///(app-pages-browser)/../../node_modules/next/dist/compiled/react-dom/cjs/react-dom-client.development.js:25630
[   96646ms] [INFO] %cDownload the React DevTools for a better development experience: https://react.dev/link/react-devtools font-weight:bold @ webpack-internal:///(app-pages-browser)/../../node_modules/next/dist/compiled/react-dom/cjs/react-dom-client.development.js:25630
[   97048ms] [INFO] %cDownload the React DevTools for a better development experience: https://react.dev/link/react-devtools font-weight:bold @ webpack-internal:///(app-pages-browser)/../../node_modules/next/dist/compiled/react-dom/cjs/react-dom-client.development.js:25630
[   97568ms] [INFO] %cDownload the React DevTools for a better development experience: https://react.dev/link/react-devtools font-weight:bold @ webpack-internal:///(app-pages-browser)/../../node_modules/next/dist/compiled/react-dom/cjs/react-dom-client.development.js:25630
[   97971ms] [INFO] %cDownload the React DevTools for a better development experience: https://react.dev/link/react-devtools font-weight:bold @ webpack-internal:///(app-pages-browser)/../../node_modules/next/dist/compiled/react-dom/cjs/react-dom-client.development.js:25630
[   98380ms] [INFO] %cDownload the React DevTools for a better development experience: https://react.dev/link/react-devtools font-weight:bold @ webpack-internal:///(app-pages-browser)/../../node_modules/next/dist/compiled/react-dom/cjs/react-dom-client.development.js:25630
[   98757ms] [INFO] %cDownload the React DevTools for a better development experience: https://react.dev/link/react-devtools font-weight:bold @ webpack-internal:///(app-pages-browser)/../../node_modules/next/dist/compiled/react-dom/cjs/react-dom-client.development.js:25630
[   99187ms] [INFO] %cDownload the React DevTools for a better development experience: https://react.dev/link/react-devtools font-weight:bold @ webpack-internal:///(app-pages-browser)/../../node_modules/next/dist/compiled/react-dom/cjs/react-dom-client.development.js:25630
[   99612ms] [INFO] %cDownload the React DevTools for a better development experience: https://react.dev/link/react-devtools font-weight:bold @ webpack-internal:///(app-pages-browser)/../../node_modules/next/dist/compiled/react-dom/cjs/react-dom-client.development.js:25630
[  100171ms] [INFO] %cDownload the React DevTools for a better development experience: https://react.dev/link/react-devtools font-weight:bold @ webpack-internal:///(app-pages-browser)/../../node_modules/next/dist/compiled/react-dom/cjs/react-dom-client.development.js:25630
[  100633ms] [INFO] %cDownload the React DevTools for a better development experience: https://react.dev/link/react-devtools font-weight:bold @ webpack-internal:///(app-pages-browser)/../../node_modules/next/dist/compiled/react-dom/cjs/react-dom-client.development.js:25630
[  101064ms] [INFO] %cDownload the React DevTools for a better development experience: https://react.dev/link/react-devtools font-weight:bold @ webpack-internal:///(app-pages-browser)/../../node_modules/next/dist/compiled/react-dom/cjs/react-dom-client.development.js:25630
[  101539ms] [INFO] %cDownload the React DevTools for a better development experience: https://react.dev/link/react-devtools font-weight:bold @ webpack-internal:///(app-pages-browser)/../../node_modules/next/dist/compiled/react-dom/cjs/react-dom-client.development.js:25630
[  101942ms] [INFO] %cDownload the React DevTools for a better development experience: https://react.dev/link/react-devtools font-weight:bold @ webpack-internal:///(app-pages-browser)/../../node_modules/next/dist/compiled/react-dom/cjs/react-dom-client.development.js:25630
[  102329ms] [INFO] %cDownload the React DevTools for a better development experience: https://react.dev/link/react-devtools font-weight:bold @ webpack-internal:///(app-pages-browser)/../../node_modules/next/dist/compiled/react-dom/cjs/react-dom-client.development.js:25630
[  102676ms] [INFO] %cDownload the React DevTools for a better development experience: https://react.dev/link/react-devtools font-weight:bold @ webpack-internal:///(app-pages-browser)/../../node_modules/next/dist/compiled/react-dom/cjs/react-dom-client.development.js:25630
[  103063ms] [INFO] %cDownload the React DevTools for a better development experience: https://react.dev/link/react-devtools font-weight:bold @ webpack-internal:///(app-pages-browser)/../../node_modules/next/dist/compiled/react-dom/cjs/react-dom-client.development.js:25630
[  103473ms] [INFO] %cDownload the React DevTools for a better development experience: https://react.dev/link/react-devtools font-weight:bold @ webpack-internal:///(app-pages-browser)/../../node_modules/next/dist/compiled/react-dom/cjs/react-dom-client.development.js:25630
[  103822ms] [INFO] %cDownload the React DevTools for a better development experience: https://react.dev/link/react-devtools font-weight:bold @ webpack-internal:///(app-pages-browser)/../../node_modules/next/dist/compiled/react-dom/cjs/react-dom-client.development.js:25630
[  104220ms] [INFO] %cDownload the React DevTools for a better development experience: https://react.dev/link/react-devtools font-weight:bold @ webpack-internal:///(app-pages-browser)/../../node_modules/next/dist/compiled/react-dom/cjs/react-dom-client.development.js:25630
[  105404ms] [ERROR] Failed to load resource: the server responded with a status of 404 (Not Found) @ http://localhost:6010/_next/static/chunks/main-app.js?v=1789997836715:0
[  105404ms] [ERROR] Failed to load resource: the server responded with a status of 404 (Not Found) @ http://localhost:6010/_next/static/chunks/app-pages-internals.js:0
[  114462ms] [INFO] %cDownload the React DevTools for a better development experience: https://react.dev/link/react-devtools font-weight:bold @ webpack-internal:///(app-pages-browser)/../../node_modules/next/dist/compiled/react-dom/cjs/react-dom-client.development.js:25630
[  117337ms] [ERROR] Failed to load resource: the server responded with a status of 404 (Not Found) @ http://localhost:6010/_next/static/chunks/main-app.js?v=1789997846848:0
[  117359ms] [ERROR] Failed to load resource: the server responded with a status of 404 (Not Found) @ http://localhost:6010/_next/static/chunks/app-pages-internals.js:0
[  144369ms] [INFO] %cDownload the React DevTools for a better development experience: https://react.dev/link/react-devtools font-weight:bold @ webpack-internal:///(app-pages-browser)/../../node_modules/next/dist/compiled/react-dom/cjs/react-dom-client.development.js:25630
[  144748ms] [INFO] %cDownload the React DevTools for a better development experience: https://react.dev/link/react-devtools font-weight:bold @ webpack-internal:///(app-pages-browser)/../../node_modules/next/dist/compiled/react-dom/cjs/react-dom-client.development.js:25630
[  145771ms] [INFO] %cDownload the React DevTools for a better development experience: https://react.dev/link/react-devtools font-weight:bold @ webpack-internal:///(app-pages-browser)/../../node_modules/next/dist/compiled/react-dom/cjs/react-dom-client.development.js:25630
[  146597ms] [INFO] %cDownload the React DevTools for a better development experience: https://react.dev/link/react-devtools font-weight:bold @ webpack-internal:///(app-pages-browser)/../../node_modules/next/dist/compiled/react-dom/cjs/react-dom-client.development.js:25630
[  147604ms] [INFO] %cDownload the React DevTools for a better development experience: https://react.dev/link/react-devtools font-weight:bold @ webpack-internal:///(app-pages-browser)/../../node_modules/next/dist/compiled/react-dom/cjs/react-dom-client.development.js:25630
[  148464ms] [INFO] %cDownload the React DevTools for a better development experience: https://react.dev/link/react-devtools font-weight:bold @ webpack-internal:///(app-pages-browser)/../../node_modules/next/dist/compiled/react-dom/cjs/react-dom-client.development.js:25630
[  149977ms] [INFO] %cDownload the React DevTools for a better development experience: https://react.dev/link/react-devtools font-weight:bold @ webpack-internal:///(app-pages-browser)/../../node_modules/next/dist/compiled/react-dom/cjs/react-dom-client.development.js:25630
[  151397ms] [INFO] %cDownload the React DevTools for a better development experience: https://react.dev/link/react-devtools font-weight:bold @ webpack-internal:///(app-pages-browser)/../../node_modules/next/dist/compiled/react-dom/cjs/react-dom-client.development.js:25630
[  153241ms] [INFO] %cDownload the React DevTools for a better development experience: https://react.dev/link/react-devtools font-weight:bold @ webpack-internal:///(app-pages-browser)/../../node_modules/next/dist/compiled/react-dom/cjs/react-dom-client.development.js:25630
[  153499ms] [LOG] [Fast Refresh] rebuilding @ webpack-internal:///(app-pages-browser)/../../node_modules/next/dist/client/dev/hot-reloader/app/hot-reloader-app.js:196
[  153859ms] [LOG] [Fast Refresh] done in 360ms @ webpack-internal:///(app-pages-browser)/../../node_modules/next/dist/client/dev/report-hmr-latency.js:13
[  154435ms] [INFO] %cDownload the React DevTools for a better development experience: https://react.dev/link/react-devtools font-weight:bold @ webpack-internal:///(app-pages-browser)/../../node_modules/next/dist/compiled/react-dom/cjs/react-dom-client.development.js:25630
[  155990ms] [INFO] %cDownload the React DevTools for a better development experience: https://react.dev/link/react-devtools font-weight:bold @ webpack-internal:///(app-pages-browser)/../../node_modules/next/dist/compiled/react-dom/cjs/react-dom-client.development.js:25630
[  156893ms] [INFO] %cDownload the React DevTools for a better development experience: https://react.dev/link/react-devtools font-weight:bold @ webpack-internal:///(app-pages-browser)/../../node_modules/next/dist/compiled/react-dom/cjs/react-dom-client.development.js:25630
[  157430ms] [LOG] [Fast Refresh] rebuilding @ webpack-internal:///(app-pages-browser)/../../node_modules/next/dist/client/dev/hot-reloader/app/hot-reloader-app.js:196
[  157747ms] [LOG] [Fast Refresh] done in 316ms @ webpack-internal:///(app-pages-browser)/../../node_modules/next/dist/client/dev/report-hmr-latency.js:13
[  158104ms] [INFO] %cDownload the React DevTools for a better development experience: https://react.dev/link/react-devtools font-weight:bold @ webpack-internal:///(app-pages-browser)/../../node_modules/next/dist/compiled/react-dom/cjs/react-dom-client.development.js:25630
[  158315ms] [LOG] [Fast Refresh] rebuilding @ webpack-internal:///(app-pages-browser)/../../node_modules/next/dist/client/dev/hot-reloader/app/hot-reloader-app.js:196
[  158644ms] [LOG] [Fast Refresh] done in 329ms @ webpack-internal:///(app-pages-browser)/../../node_modules/next/dist/client/dev/report-hmr-latency.js:13
[  158732ms] [LOG] [Fast Refresh] rebuilding @ webpack-internal:///(app-pages-browser)/../../node_modules/next/dist/client/dev/hot-reloader/app/hot-reloader-app.js:196
[  159053ms] [LOG] [Fast Refresh] done in 322ms @ webpack-internal:///(app-pages-browser)/../../node_modules/next/dist/client/dev/report-hmr-latency.js:13
[  159945ms] [INFO] %cDownload the React DevTools for a better development experience: https://react.dev/link/react-devtools font-weight:bold @ webpack-internal:///(app-pages-browser)/../../node_modules/next/dist/compiled/react-dom/cjs/react-dom-client.development.js:25630
[  160403ms] [LOG] [Fast Refresh] done in 1789997891958ms @ webpack-internal:///(app-pages-browser)/../../node_modules/next/dist/client/dev/report-hmr-latency.js:13
[  160497ms] [LOG] [Fast Refresh] rebuilding @ webpack-internal:///(app-pages-browser)/../../node_modules/next/dist/client/dev/hot-reloader/app/hot-reloader-app.js:196
[  160861ms] [LOG] [Fast Refresh] done in 365ms @ webpack-internal:///(app-pages-browser)/../../node_modules/next/dist/client/dev/report-hmr-latency.js:13
[  161238ms] [INFO] %cDownload the React DevTools for a better development experience: https://react.dev/link/react-devtools font-weight:bold @ webpack-internal:///(app-pages-browser)/../../node_modules/next/dist/compiled/react-dom/cjs/react-dom-client.development.js:25630
[  161465ms] [LOG] [Fast Refresh] rebuilding @ webpack-internal:///(app-pages-browser)/../../node_modules/next/dist/client/dev/hot-reloader/app/hot-reloader-app.js:196
[  161865ms] [LOG] [Fast Refresh] done in 401ms @ webpack-internal:///(app-pages-browser)/../../node_modules/next/dist/client/dev/report-hmr-latency.js:13
[  161932ms] [LOG] [Fast Refresh] rebuilding @ webpack-internal:///(app-pages-browser)/../../node_modules/next/dist/client/dev/hot-reloader/app/hot-reloader-app.js:196
[  162250ms] [LOG] [Fast Refresh] done in 318ms @ webpack-internal:///(app-pages-browser)/../../node_modules/next/dist/client/dev/report-hmr-latency.js:13
[  162368ms] [VERBOSE] [DOM] Password field is not contained in a form: (More info: https://goo.gl/9p2vKq) %o @ http://localhost:6011/profile:0
[  162369ms] [VERBOSE] [DOM] Password field is not contained in a form: (More info: https://goo.gl/9p2vKq) %o @ http://localhost:6011/profile:0
[  162567ms] [INFO] %cDownload the React DevTools for a better development experience: https://react.dev/link/react-devtools font-weight:bold @ webpack-internal:///(app-pages-browser)/../../node_modules/next/dist/compiled/react-dom/cjs/react-dom-client.development.js:25630
[  162984ms] [INFO] %cDownload the React DevTools for a better development experience: https://react.dev/link/react-devtools font-weight:bold @ webpack-internal:///(app-pages-browser)/../../node_modules/next/dist/compiled/react-dom/cjs/react-dom-client.development.js:25630
[  164898ms] [INFO] %cDownload the React DevTools for a better development experience: https://react.dev/link/react-devtools font-weight:bold @ webpack-internal:///(app-pages-browser)/../../node_modules/next/dist/compiled/react-dom/cjs/react-dom-client.development.js:25630
[  165341ms] [INFO] %cDownload the React DevTools for a better development experience: https://react.dev/link/react-devtools font-weight:bold @ webpack-internal:///(app-pages-browser)/../../node_modules/next/dist/compiled/react-dom/cjs/react-dom-client.development.js:25630
[  165730ms] [INFO] %cDownload the React DevTools for a better development experience: https://react.dev/link/react-devtools font-weight:bold @ webpack-internal:///(app-pages-browser)/../../node_modules/next/dist/compiled/react-dom/cjs/react-dom-client.development.js:25630
[  166156ms] [INFO] %cDownload the React DevTools for a better development experience: https://react.dev/link/react-devtools font-weight:bold @ webpack-internal:///(app-pages-browser)/../../node_modules/next/dist/compiled/react-dom/cjs/react-dom-client.development.js:25630
[  166525ms] [INFO] %cDownload the React DevTools for a better development experience: https://react.dev/link/react-devtools font-weight:bold @ webpack-internal:///(app-pages-browser)/../../node_modules/next/dist/compiled/react-dom/cjs/react-dom-client.development.js:25630
[  166928ms] [INFO] %cDownload the React DevTools for a better development experience: https://react.dev/link/react-devtools font-weight:bold @ webpack-internal:///(app-pages-browser)/../../node_modules/next/dist/compiled/react-dom/cjs/react-dom-client.development.js:25630
[  167345ms] [INFO] %cDownload the React DevTools for a better development experience: https://react.dev/link/react-devtools font-weight:bold @ webpack-internal:///(app-pages-browser)/../../node_modules/next/dist/compiled/react-dom/cjs/react-dom-client.development.js:25630
[  167723ms] [INFO] %cDownload the React DevTools for a better development experience: https://react.dev/link/react-devtools font-weight:bold @ webpack-internal:///(app-pages-browser)/../../node_modules/next/dist/compiled/react-dom/cjs/react-dom-client.development.js:25630
[  168173ms] [INFO] %cDownload the React DevTools for a better development experience: https://react.dev/link/react-devtools font-weight:bold @ webpack-internal:///(app-pages-browser)/../../node_modules/next/dist/compiled/react-dom/cjs/react-dom-client.development.js:25630
[  168519ms] [INFO] %cDownload the React DevTools for a better development experience: https://react.dev/link/react-devtools font-weight:bold @ webpack-internal:///(app-pages-browser)/../../node_modules/next/dist/compiled/react-dom/cjs/react-dom-client.development.js:25630
[  168987ms] [INFO] %cDownload the React DevTools for a better development experience: https://react.dev/link/react-devtools font-weight:bold @ webpack-internal:///(app-pages-browser)/../../node_modules/next/dist/compiled/react-dom/cjs/react-dom-client.development.js:25630
[  170403ms] [INFO] %cDownload the React DevTools for a better development experience: https://react.dev/link/react-devtools font-weight:bold @ webpack-internal:///(app-pages-browser)/../../node_modules/next/dist/compiled/react-dom/cjs/react-dom-client.development.js:25630
[  170573ms] [VERBOSE] [DOM] Password field is not contained in a form: (More info: https://goo.gl/9p2vKq) %o @ http://localhost:6011/profile:0
[  170574ms] [VERBOSE] [DOM] Password field is not contained in a form: (More info: https://goo.gl/9p2vKq) %o @ http://localhost:6011/profile:0
[  170850ms] [INFO] %cDownload the React DevTools for a better development experience: https://react.dev/link/react-devtools font-weight:bold @ webpack-internal:///(app-pages-browser)/../../node_modules/next/dist/compiled/react-dom/cjs/react-dom-client.development.js:25630
[  171296ms] [INFO] %cDownload the React DevTools for a better development experience: https://react.dev/link/react-devtools font-weight:bold @ webpack-internal:///(app-pages-browser)/../../node_modules/next/dist/compiled/react-dom/cjs/react-dom-client.development.js:25630
[  171676ms] [INFO] %cDownload the React DevTools for a better development experience: https://react.dev/link/react-devtools font-weight:bold @ webpack-internal:///(app-pages-browser)/../../node_modules/next/dist/compiled/react-dom/cjs/react-dom-client.development.js:25630
[  172031ms] [INFO] %cDownload the React DevTools for a better development experience: https://react.dev/link/react-devtools font-weight:bold @ webpack-internal:///(app-pages-browser)/../../node_modules/next/dist/compiled/react-dom/cjs/react-dom-client.development.js:25630
[  172537ms] [INFO] %cDownload the React DevTools for a better development experience: https://react.dev/link/react-devtools font-weight:bold @ webpack-internal:///(app-pages-browser)/../../node_modules/next/dist/compiled/react-dom/cjs/react-dom-client.development.js:25630
[  172896ms] [INFO] %cDownload the React DevTools for a better development experience: https://react.dev/link/react-devtools font-weight:bold @ webpack-internal:///(app-pages-browser)/../../node_modules/next/dist/compiled/react-dom/cjs/react-dom-client.development.js:25630
[  173270ms] [INFO] %cDownload the React DevTools for a better development experience: https://react.dev/link/react-devtools font-weight:bold @ webpack-internal:///(app-pages-browser)/../../node_modules/next/dist/compiled/react-dom/cjs/react-dom-client.development.js:25630
[  173662ms] [INFO] %cDownload the React DevTools for a better development experience: https://react.dev/link/react-devtools font-weight:bold @ webpack-internal:///(app-pages-browser)/../../node_modules/next/dist/compiled/react-dom/cjs/react-dom-client.development.js:25630
[  174049ms] [INFO] %cDownload the React DevTools for a better development experience: https://react.dev/link/react-devtools font-weight:bold @ webpack-internal:///(app-pages-browser)/../../node_modules/next/dist/compiled/react-dom/cjs/react-dom-client.development.js:25630
[  174410ms] [INFO] %cDownload the React DevTools for a better development experience: https://react.dev/link/react-devtools font-weight:bold @ webpack-internal:///(app-pages-browser)/../../node_modules/next/dist/compiled/react-dom/cjs/react-dom-client.development.js:25630
[  174785ms] [INFO] %cDownload the React DevTools for a better development experience: https://react.dev/link/react-devtools font-weight:bold @ webpack-internal:///(app-pages-browser)/../../node_modules/next/dist/compiled/react-dom/cjs/react-dom-client.development.js:25630
[  175200ms] [INFO] %cDownload the React DevTools for a better development experience: https://react.dev/link/react-devtools font-weight:bold @ webpack-internal:///(app-pages-browser)/../../node_modules/next/dist/compiled/react-dom/cjs/react-dom-client.development.js:25630
[  176295ms] [INFO] %cDownload the React DevTools for a better development experience: https://react.dev/link/react-devtools font-weight:bold @ webpack-internal:///(app-pages-browser)/../../node_modules/next/dist/compiled/react-dom/cjs/react-dom-client.development.js:25630
[  176675ms] [INFO] %cDownload the React DevTools for a better development experience: https://react.dev/link/react-devtools font-weight:bold @ webpack-internal:///(app-pages-browser)/../../node_modules/next/dist/compiled/react-dom/cjs/react-dom-client.development.js:25630
[  177046ms] [INFO] %cDownload the React DevTools for a better development experience: https://react.dev/link/react-devtools font-weight:bold @ webpack-internal:///(app-pages-browser)/../../node_modules/next/dist/compiled/react-dom/cjs/react-dom-client.development.js:25630
[  177433ms] [INFO] %cDownload the React DevTools for a better development experience: https://react.dev/link/react-devtools font-weight:bold @ webpack-internal:///(app-pages-browser)/../../node_modules/next/dist/compiled/react-dom/cjs/react-dom-client.development.js:25630
[  177596ms] [VERBOSE] [DOM] Password field is not contained in a form: (More info: https://goo.gl/9p2vKq) %o @ http://localhost:6011/profile:0
[  177596ms] [VERBOSE] [DOM] Password field is not contained in a form: (More info: https://goo.gl/9p2vKq) %o @ http://localhost:6011/profile:0
[  177822ms] [INFO] %cDownload the React DevTools for a better development experience: https://react.dev/link/react-devtools font-weight:bold @ webpack-internal:///(app-pages-browser)/../../node_modules/next/dist/compiled/react-dom/cjs/react-dom-client.development.js:25630
[  178268ms] [INFO] %cDownload the React DevTools for a better development experience: https://react.dev/link/react-devtools font-weight:bold @ webpack-internal:///(app-pages-browser)/../../node_modules/next/dist/compiled/react-dom/cjs/react-dom-client.development.js:25630
[  178703ms] [INFO] %cDownload the React DevTools for a better development experience: https://react.dev/link/react-devtools font-weight:bold @ webpack-internal:///(app-pages-browser)/../../node_modules/next/dist/compiled/react-dom/cjs/react-dom-client.development.js:25630
[  179116ms] [INFO] %cDownload the React DevTools for a better development experience: https://react.dev/link/react-devtools font-weight:bold @ webpack-internal:///(app-pages-browser)/../../node_modules/next/dist/compiled/react-dom/cjs/react-dom-client.development.js:25630
[  179480ms] [INFO] %cDownload the React DevTools for a better development experience: https://react.dev/link/react-devtools font-weight:bold @ webpack-internal:///(app-pages-browser)/../../node_modules/next/dist/compiled/react-dom/cjs/react-dom-client.development.js:25630
[  179880ms] [INFO] %cDownload the React DevTools for a better development experience: https://react.dev/link/react-devtools font-weight:bold @ webpack-internal:///(app-pages-browser)/../../node_modules/next/dist/compiled/react-dom/cjs/react-dom-client.development.js:25630
[  180235ms] [INFO] %cDownload the React DevTools for a better development experience: https://react.dev/link/react-devtools font-weight:bold @ webpack-internal:///(app-pages-browser)/../../node_modules/next/dist/compiled/react-dom/cjs/react-dom-client.development.js:25630
[  180699ms] [INFO] %cDownload the React DevTools for a better development experience: https://react.dev/link/react-devtools font-weight:bold @ webpack-internal:///(app-pages-browser)/../../node_modules/next/dist/compiled/react-dom/cjs/react-dom-client.development.js:25630
[  181919ms] [INFO] %cDownload the React DevTools for a better development experience: https://react.dev/link/react-devtools font-weight:bold @ webpack-internal:///(app-pages-browser)/../../node_modules/next/dist/compiled/react-dom/cjs/react-dom-client.development.js:25630
[  182365ms] [INFO] %cDownload the React DevTools for a better development experience: https://react.dev/link/react-devtools font-weight:bold @ webpack-internal:///(app-pages-browser)/../../node_modules/next/dist/compiled/react-dom/cjs/react-dom-client.development.js:25630
[  182855ms] [INFO] %cDownload the React DevTools for a better development experience: https://react.dev/link/react-devtools font-weight:bold @ webpack-internal:///(app-pages-browser)/../../node_modules/next/dist/compiled/react-dom/cjs/react-dom-client.development.js:25630
[  183371ms] [INFO] %cDownload the React DevTools for a better development experience: https://react.dev/link/react-devtools font-weight:bold @ webpack-internal:///(app-pages-browser)/../../node_modules/next/dist/compiled/react-dom/cjs/react-dom-client.development.js:25630
[  183799ms] [INFO] %cDownload the React DevTools for a better development experience: https://react.dev/link/react-devtools font-weight:bold @ webpack-internal:///(app-pages-browser)/../../node_modules/next/dist/compiled/react-dom/cjs/react-dom-client.development.js:25630
[  184275ms] [INFO] %cDownload the React DevTools for a better development experience: https://react.dev/link/react-devtools font-weight:bold @ webpack-internal:///(app-pages-browser)/../../node_modules/next/dist/compiled/react-dom/cjs/react-dom-client.development.js:25630
[  184717ms] [INFO] %cDownload the React DevTools for a better development experience: https://react.dev/link/react-devtools font-weight:bold @ webpack-internal:///(app-pages-browser)/../../node_modules/next/dist/compiled/react-dom/cjs/react-dom-client.development.js:25630
[  185764ms] [VERBOSE] [DOM] Password field is not contained in a form: (More info: https://goo.gl/9p2vKq) %o @ http://localhost:6011/profile:0
[  185765ms] [VERBOSE] [DOM] Password field is not contained in a form: (More info: https://goo.gl/9p2vKq) %o @ http://localhost:6011/profile:0
[  186018ms] [INFO] %cDownload the React DevTools for a better development experience: https://react.dev/link/react-devtools font-weight:bold @ webpack-internal:///(app-pages-browser)/../../node_modules/next/dist/compiled/react-dom/cjs/react-dom-client.development.js:25630
[  186491ms] [INFO] %cDownload the React DevTools for a better development experience: https://react.dev/link/react-devtools font-weight:bold @ webpack-internal:///(app-pages-browser)/../../node_modules/next/dist/compiled/react-dom/cjs/react-dom-client.development.js:25630
[  186853ms] [INFO] %cDownload the React DevTools for a better development experience: https://react.dev/link/react-devtools font-weight:bold @ webpack-internal:///(app-pages-browser)/../../node_modules/next/dist/compiled/react-dom/cjs/react-dom-client.development.js:25630
[  187245ms] [INFO] %cDownload the React DevTools for a better development experience: https://react.dev/link/react-devtools font-weight:bold @ webpack-internal:///(app-pages-browser)/../../node_modules/next/dist/compiled/react-dom/cjs/react-dom-client.development.js:25630
[  187619ms] [INFO] %cDownload the React DevTools for a better development experience: https://react.dev/link/react-devtools font-weight:bold @ webpack-internal:///(app-pages-browser)/../../node_modules/next/dist/compiled/react-dom/cjs/react-dom-client.development.js:25630
[  188091ms] [INFO] %cDownload the React DevTools for a better development experience: https://react.dev/link/react-devtools font-weight:bold @ webpack-internal:///(app-pages-browser)/../../node_modules/next/dist/compiled/react-dom/cjs/react-dom-client.development.js:25630
[  188519ms] [INFO] %cDownload the React DevTools for a better development experience: https://react.dev/link/react-devtools font-weight:bold @ webpack-internal:///(app-pages-browser)/../../node_modules/next/dist/compiled/react-dom/cjs/react-dom-client.development.js:25630
[  189002ms] [INFO] %cDownload the React DevTools for a better development experience: https://react.dev/link/react-devtools font-weight:bold @ webpack-internal:///(app-pages-browser)/../../node_modules/next/dist/compiled/react-dom/cjs/react-dom-client.development.js:25630
[  190303ms] [INFO] %cDownload the React DevTools for a better development experience: https://react.dev/link/react-devtools font-weight:bold @ webpack-internal:///(app-pages-browser)/../../node_modules/next/dist/compiled/react-dom/cjs/react-dom-client.development.js:25630
[  190737ms] [INFO] %cDownload the React DevTools for a better development experience: https://react.dev/link/react-devtools font-weight:bold @ webpack-internal:///(app-pages-browser)/../../node_modules/next/dist/compiled/react-dom/cjs/react-dom-client.development.js:25630
[  191380ms] [INFO] %cDownload the React DevTools for a better development experience: https://react.dev/link/react-devtools font-weight:bold @ webpack-internal:///(app-pages-browser)/../../node_modules/next/dist/compiled/react-dom/cjs/react-dom-client.development.js:25630
[  191733ms] [INFO] %cDownload the React DevTools for a better development experience: https://react.dev/link/react-devtools font-weight:bold @ webpack-internal:///(app-pages-browser)/../../node_modules/next/dist/compiled/react-dom/cjs/react-dom-client.development.js:25630
[  192106ms] [INFO] %cDownload the React DevTools for a better development experience: https://react.dev/link/react-devtools font-weight:bold @ webpack-internal:///(app-pages-browser)/../../node_modules/next/dist/compiled/react-dom/cjs/react-dom-client.development.js:25630
[  192501ms] [INFO] %cDownload the React DevTools for a better development experience: https://react.dev/link/react-devtools font-weight:bold @ webpack-internal:///(app-pages-browser)/../../node_modules/next/dist/compiled/react-dom/cjs/react-dom-client.development.js:25630
[  193078ms] [INFO] %cDownload the React DevTools for a better development experience: https://react.dev/link/react-devtools font-weight:bold @ webpack-internal:///(app-pages-browser)/../../node_modules/next/dist/compiled/react-dom/cjs/react-dom-client.development.js:25630
[  193599ms] [INFO] %cDownload the React DevTools for a better development experience: https://react.dev/link/react-devtools font-weight:bold @ webpack-internal:///(app-pages-browser)/../../node_modules/next/dist/compiled/react-dom/cjs/react-dom-client.development.js:25630
[  193948ms] [VERBOSE] [DOM] Password field is not contained in a form: (More info: https://goo.gl/9p2vKq) %o @ http://localhost:6011/profile:0
[  193948ms] [VERBOSE] [DOM] Password field is not contained in a form: (More info: https://goo.gl/9p2vKq) %o @ http://localhost:6011/profile:0
[  194366ms] [INFO] %cDownload the React DevTools for a better development experience: https://react.dev/link/react-devtools font-weight:bold @ webpack-internal:///(app-pages-browser)/../../node_modules/next/dist/compiled/react-dom/cjs/react-dom-client.development.js:25630
[  198113ms] [INFO] %cDownload the React DevTools for a better development experience: https://react.dev/link/react-devtools font-weight:bold @ webpack-internal:///(app-pages-browser)/../../node_modules/next/dist/compiled/react-dom/cjs/react-dom-client.development.js:25630
[  199480ms] [INFO] %cDownload the React DevTools for a better development experience: https://react.dev/link/react-devtools font-weight:bold @ webpack-internal:///(app-pages-browser)/../../node_modules/next/dist/compiled/react-dom/cjs/react-dom-client.development.js:25630
[  199933ms] [INFO] %cDownload the React DevTools for a better development experience: https://react.dev/link/react-devtools font-weight:bold @ webpack-internal:///(app-pages-browser)/../../node_modules/next/dist/compiled/react-dom/cjs/react-dom-client.development.js:25630
[  200329ms] [INFO] %cDownload the React DevTools for a better development experience: https://react.dev/link/react-devtools font-weight:bold @ webpack-internal:///(app-pages-browser)/../../node_modules/next/dist/compiled/react-dom/cjs/react-dom-client.development.js:25630
[  200760ms] [INFO] %cDownload the React DevTools for a better development experience: https://react.dev/link/react-devtools font-weight:bold @ webpack-internal:///(app-pages-browser)/../../node_modules/next/dist/compiled/react-dom/cjs/react-dom-client.development.js:25630
[  201136ms] [INFO] %cDownload the React DevTools for a better development experience: https://react.dev/link/react-devtools font-weight:bold @ webpack-internal:///(app-pages-browser)/../../node_modules/next/dist/compiled/react-dom/cjs/react-dom-client.development.js:25630
[  201558ms] [INFO] %cDownload the React DevTools for a better development experience: https://react.dev/link/react-devtools font-weight:bold @ webpack-internal:///(app-pages-browser)/../../node_modules/next/dist/compiled/react-dom/cjs/react-dom-client.development.js:25630
[  201937ms] [INFO] %cDownload the React DevTools for a better development experience: https://react.dev/link/react-devtools font-weight:bold @ webpack-internal:///(app-pages-browser)/../../node_modules/next/dist/compiled/react-dom/cjs/react-dom-client.development.js:25630
[  202341ms] [INFO] %cDownload the React DevTools for a better development experience: https://react.dev/link/react-devtools font-weight:bold @ webpack-internal:///(app-pages-browser)/../../node_modules/next/dist/compiled/react-dom/cjs/react-dom-client.development.js:25630
[  202845ms] [INFO] %cDownload the React DevTools for a better development experience: https://react.dev/link/react-devtools font-weight:bold @ webpack-internal:///(app-pages-browser)/../../node_modules/next/dist/compiled/react-dom/cjs/react-dom-client.development.js:25630
[  204503ms] [INFO] %cDownload the React DevTools for a better development experience: https://react.dev/link/react-devtools font-weight:bold @ webpack-internal:///(app-pages-browser)/../../node_modules/next/dist/compiled/react-dom/cjs/react-dom-client.development.js:25630
[  204677ms] [VERBOSE] [DOM] Password field is not contained in a form: (More info: https://goo.gl/9p2vKq) %o @ http://localhost:6011/profile:0
[  204677ms] [VERBOSE] [DOM] Password field is not contained in a form: (More info: https://goo.gl/9p2vKq) %o @ http://localhost:6011/profile:0
[  204938ms] [INFO] %cDownload the React DevTools for a better development experience: https://react.dev/link/react-devtools font-weight:bold @ webpack-internal:///(app-pages-browser)/../../node_modules/next/dist/compiled/react-dom/cjs/react-dom-client.development.js:25630
[  205433ms] [INFO] %cDownload the React DevTools for a better development experience: https://react.dev/link/react-devtools font-weight:bold @ webpack-internal:///(app-pages-browser)/../../node_modules/next/dist/compiled/react-dom/cjs/react-dom-client.development.js:25630
[  205827ms] [INFO] %cDownload the React DevTools for a better development experience: https://react.dev/link/react-devtools font-weight:bold @ webpack-internal:///(app-pages-browser)/../../node_modules/next/dist/compiled/react-dom/cjs/react-dom-client.development.js:25630
[  206455ms] [INFO] %cDownload the React DevTools for a better development experience: https://react.dev/link/react-devtools font-weight:bold @ webpack-internal:///(app-pages-browser)/../../node_modules/next/dist/compiled/react-dom/cjs/react-dom-client.development.js:25630
[  206826ms] [INFO] %cDownload the React DevTools for a better development experience: https://react.dev/link/react-devtools font-weight:bold @ webpack-internal:///(app-pages-browser)/../../node_modules/next/dist/compiled/react-dom/cjs/react-dom-client.development.js:25630
[  207212ms] [INFO] %cDownload the React DevTools for a better development experience: https://react.dev/link/react-devtools font-weight:bold @ webpack-internal:///(app-pages-browser)/../../node_modules/next/dist/compiled/react-dom/cjs/react-dom-client.development.js:25630
[  207623ms] [INFO] %cDownload the React DevTools for a better development experience: https://react.dev/link/react-devtools font-weight:bold @ webpack-internal:///(app-pages-browser)/../../node_modules/next/dist/compiled/react-dom/cjs/react-dom-client.development.js:25630
[  208052ms] [INFO] %cDownload the React DevTools for a better development experience: https://react.dev/link/react-devtools font-weight:bold @ webpack-internal:///(app-pages-browser)/../../node_modules/next/dist/compiled/react-dom/cjs/react-dom-client.development.js:25630
[  208499ms] [INFO] %cDownload the React DevTools for a better development experience: https://react.dev/link/react-devtools font-weight:bold @ webpack-internal:///(app-pages-browser)/../../node_modules/next/dist/compiled/react-dom/cjs/react-dom-client.development.js:25630
[  208945ms] [INFO] %cDownload the React DevTools for a better development experience: https://react.dev/link/react-devtools font-weight:bold @ webpack-internal:///(app-pages-browser)/../../node_modules/next/dist/compiled/react-dom/cjs/react-dom-client.development.js:25630
[  210170ms] [INFO] %cDownload the React DevTools for a better development experience: https://react.dev/link/react-devtools font-weight:bold @ webpack-internal:///(app-pages-browser)/../../node_modules/next/dist/compiled/react-dom/cjs/react-dom-client.development.js:25630
[  210601ms] [INFO] %cDownload the React DevTools for a better development experience: https://react.dev/link/react-devtools font-weight:bold @ webpack-internal:///(app-pages-browser)/../../node_modules/next/dist/compiled/react-dom/cjs/react-dom-client.development.js:25630
[  211065ms] [INFO] %cDownload the React DevTools for a better development experience: https://react.dev/link/react-devtools font-weight:bold @ webpack-internal:///(app-pages-browser)/../../node_modules/next/dist/compiled/react-dom/cjs/react-dom-client.development.js:25630
[  211511ms] [INFO] %cDownload the React DevTools for a better development experience: https://react.dev/link/react-devtools font-weight:bold @ webpack-internal:///(app-pages-browser)/../../node_modules/next/dist/compiled/react-dom/cjs/react-dom-client.development.js:25630
[  211931ms] [INFO] %cDownload the React DevTools for a better development experience: https://react.dev/link/react-devtools font-weight:bold @ webpack-internal:///(app-pages-browser)/../../node_modules/next/dist/compiled/react-dom/cjs/react-dom-client.development.js:25630
[  212639ms] [VERBOSE] [DOM] Password field is not contained in a form: (More info: https://goo.gl/9p2vKq) %o @ http://localhost:6011/profile:0
[  212639ms] [VERBOSE] [DOM] Password field is not contained in a form: (More info: https://goo.gl/9p2vKq) %o @ http://localhost:6011/profile:0
[  213785ms] [INFO] %cDownload the React DevTools for a better development experience: https://react.dev/link/react-devtools font-weight:bold @ webpack-internal:///(app-pages-browser)/../../node_modules/next/dist/compiled/react-dom/cjs/react-dom-client.development.js:25630
[  215854ms] [ERROR] Failed to load resource: the server responded with a status of 404 (Not Found) @ http://localhost:6010/_next/static/chunks/main-app.js?v=1789997946078:0
[  215854ms] [ERROR] Failed to load resource: the server responded with a status of 404 (Not Found) @ http://localhost:6010/_next/static/chunks/app-pages-internals.js:0
[  442819ms] [ERROR] Failed to load resource: net::ERR_CONNECTION_REFUSED @ http://localhost:6010/_next/image?url=%2Fassets%2Fillustrations%2Fdignity-garuda.png&w=828&q=75:0
[  442821ms] [ERROR] Failed to load resource: net::ERR_CONNECTION_REFUSED @ http://localhost:6010/_next/image?url=%2Fassets%2Fillustrations%2Fdignity-snow-lion.png&w=640&q=75:0
